Archive member included to satisfy reference by file (symbol)

M:\qTouch_5.00_lib\Atmel_QTouch_Libraries_5.0\Generic_QTouch_Libraries\AVR_Tiny_Mega_XMega\QTouch\library_files\libavrxmega2g1-4qt-k-0rs.a(burst_1_1_00_0_1.o)
                              init.o (burst_1_1_00_0_1)
M:\qTouch_5.00_lib\Atmel_QTouch_Libraries_5.0\Generic_QTouch_Libraries\AVR_Tiny_Mega_XMega\QTouch\library_files\libavrxmega2g1-4qt-k-0rs.a(touch_api.o)
                              init.o (qt_init_sensing_with_burst)
M:\qTouch_5.00_lib\Atmel_QTouch_Libraries_5.0\Generic_QTouch_Libraries\AVR_Tiny_Mega_XMega\QTouch\library_files\libavrxmega2g1-4qt-k-0rs.a(touch_process.o)
                              M:\qTouch_5.00_lib\Atmel_QTouch_Libraries_5.0\Generic_QTouch_Libraries\AVR_Tiny_Mega_XMega\QTouch\library_files\libavrxmega2g1-4qt-k-0rs.a(touch_api.o) (sensors)
M:\qTouch_5.00_lib\Atmel_QTouch_Libraries_5.0\Generic_QTouch_Libraries\AVR_Tiny_Mega_XMega\QTouch\library_files\libavrxmega2g1-4qt-k-0rs.a(touch_burst_qt.o)
                              M:\qTouch_5.00_lib\Atmel_QTouch_Libraries_5.0\Generic_QTouch_Libraries\AVR_Tiny_Mega_XMega\QTouch\library_files\libavrxmega2g1-4qt-k-0rs.a(touch_api.o) (burst_init)
c:/program files (x86)/atmel/studio/7.0/toolchain/avr8/avr8-gnu-toolchain/bin/../lib/gcc/avr/5.4.0/avrxmega2\libgcc.a(_udivmodsi4.o)
                              main.o (__udivmodsi4)
c:/program files (x86)/atmel/studio/7.0/toolchain/avr8/avr8-gnu-toolchain/bin/../lib/gcc/avr/5.4.0/avrxmega2\libgcc.a(_exit.o)
                              C:/Program Files (x86)/Atmel/Studio/7.0/Packs/Atmel/XMEGAE_DFP/1.2.109/gcc/dev/atxmega32e5/avrxmega2/crtatxmega32e5.o (exit)
c:/program files (x86)/atmel/studio/7.0/toolchain/avr8/avr8-gnu-toolchain/bin/../lib/gcc/avr/5.4.0/avrxmega2\libgcc.a(_copy_data.o)
                              main.o (__do_copy_data)
c:/program files (x86)/atmel/studio/7.0/toolchain/avr8/avr8-gnu-toolchain/bin/../lib/gcc/avr/5.4.0/avrxmega2\libgcc.a(_clear_bss.o)
                              main.o (__do_clear_bss)
c:/program files (x86)/atmel/studio/7.0/toolchain/avr8/avr8-gnu-toolchain/bin/../lib/gcc/avr/5.4.0/avrxmega2\libgcc.a(_muluhisi3.o)
                              main.o (__muluhisi3)
c:/program files (x86)/atmel/studio/7.0/toolchain/avr8/avr8-gnu-toolchain/bin/../lib/gcc/avr/5.4.0/avrxmega2\libgcc.a(_prologue.o)
                              M:\qTouch_5.00_lib\Atmel_QTouch_Libraries_5.0\Generic_QTouch_Libraries\AVR_Tiny_Mega_XMega\QTouch\library_files\libavrxmega2g1-4qt-k-0rs.a(burst_1_1_00_0_1.o) (__prologue_saves__)
c:/program files (x86)/atmel/studio/7.0/toolchain/avr8/avr8-gnu-toolchain/bin/../lib/gcc/avr/5.4.0/avrxmega2\libgcc.a(_epilogue.o)
                              M:\qTouch_5.00_lib\Atmel_QTouch_Libraries_5.0\Generic_QTouch_Libraries\AVR_Tiny_Mega_XMega\QTouch\library_files\libavrxmega2g1-4qt-k-0rs.a(burst_1_1_00_0_1.o) (__epilogue_restores__)
c:/program files (x86)/atmel/studio/7.0/toolchain/avr8/avr8-gnu-toolchain/bin/../lib/gcc/avr/5.4.0/avrxmega2\libgcc.a(_umulhisi3.o)
                              c:/program files (x86)/atmel/studio/7.0/toolchain/avr8/avr8-gnu-toolchain/bin/../lib/gcc/avr/5.4.0/avrxmega2\libgcc.a(_muluhisi3.o) (__umulhisi3)

Allocating common symbols
Common symbol       size              file

_addresses          0x8               main.o
_wavMetadata        0x9               main.o
_buff0              0xff              main.o
_wavBuff1           0x81              main.o
_lightMetadata      0x4               main.o
_currentOp          0x1               main.o
_memInBuff          0x2               main.o
_propBuff           0x8               main.o
_lightBuff          0x64              main.o
_buff1              0xff              main.o
_lightMap           0xfe              main.o
_wavBuff0           0x81              main.o
_memOutBuff         0x2               main.o

Discarded input sections

 .data          0x00000000        0x0 C:/Program Files (x86)/Atmel/Studio/7.0/Packs/Atmel/XMEGAE_DFP/1.2.109/gcc/dev/atxmega32e5/avrxmega2/crtatxmega32e5.o
 .bss           0x00000000        0x0 C:/Program Files (x86)/Atmel/Studio/7.0/Packs/Atmel/XMEGAE_DFP/1.2.109/gcc/dev/atxmega32e5/avrxmega2/crtatxmega32e5.o
 .group         0x00000000        0x8 init.o
 .group         0x00000000        0x8 init.o
 .group         0x00000000        0x8 init.o
 .group         0x00000000        0x8 init.o
 .group         0x00000000        0x8 init.o
 .group         0x00000000        0x8 init.o
 .group         0x00000000        0x8 init.o
 .group         0x00000000        0x8 init.o
 .group         0x00000000        0x8 init.o
 .group         0x00000000        0x8 init.o
 .group         0x00000000        0x8 init.o
 .group         0x00000000        0x8 init.o
 .group         0x00000000        0x8 init.o
 .group         0x00000000        0x8 init.o
 .group         0x00000000        0x8 init.o
 .group         0x00000000        0x8 init.o
 .group         0x00000000        0x8 init.o
 .group         0x00000000        0x8 init.o
 .group         0x00000000        0x8 init.o
 .group         0x00000000        0x8 init.o
 .group         0x00000000        0x8 init.o
 .group         0x00000000        0x8 init.o
 .group         0x00000000        0x8 init.o
 .text          0x00000000        0x0 init.o
 .data          0x00000000        0x0 init.o
 .bss           0x00000000        0x0 init.o
 .text.enable_interrupts
                0x00000000        0x8 init.o
 .text.init_audio_timer
                0x00000000        0x8 init.o
 .group         0x00000000        0x8 main.o
 .group         0x00000000        0x8 main.o
 .group         0x00000000        0x8 main.o
 .group         0x00000000        0x8 main.o
 .group         0x00000000        0x8 main.o
 .group         0x00000000        0x8 main.o
 .group         0x00000000        0x8 main.o
 .group         0x00000000        0x8 main.o
 .group         0x00000000        0x8 main.o
 .group         0x00000000        0x8 main.o
 .group         0x00000000        0x8 main.o
 .group         0x00000000        0x8 main.o
 .group         0x00000000        0x8 main.o
 .group         0x00000000        0x8 main.o
 .group         0x00000000        0x8 main.o
 .group         0x00000000        0x8 main.o
 .group         0x00000000        0x8 main.o
 .group         0x00000000        0x8 main.o
 .group         0x00000000        0x8 main.o
 .group         0x00000000        0x8 main.o
 .group         0x00000000        0x8 main.o
 .group         0x00000000        0x8 main.o
 .group         0x00000000        0x8 main.o
 .group         0x00000000        0x8 main.o
 .text          0x00000000        0x0 main.o
 .data          0x00000000        0x0 main.o
 .bss           0x00000000        0x0 main.o
 .text.enable_rtc
                0x00000000        0xc main.o
 .text.disable_rtc
                0x00000000        0xc main.o
 .bss._inputTimeout
                0x00000000        0x1 main.o
 .bss._usartCnt
                0x00000000        0x1 main.o
 .bss._readLightMem
                0x00000000        0x1 main.o
 .data.pqt_measure_data
                0x00000000        0x2 main.o
 .debug_macro   0x00000000      0xa54 main.o
 .debug_macro   0x00000000       0x10 main.o
 .debug_macro   0x00000000      0x1c9 main.o
 .debug_macro   0x00000000      0x2fc main.o
 .debug_macro   0x00000000       0x9e main.o
 .debug_macro   0x00000000     0x6465 main.o
 .debug_macro   0x00000000       0x9a main.o
 .debug_macro   0x00000000       0xf1 main.o
 .debug_macro   0x00000000       0x34 main.o
 .debug_macro   0x00000000       0x16 main.o
 .debug_macro   0x00000000       0x18 main.o
 .debug_macro   0x00000000       0x5e main.o
 .debug_macro   0x00000000       0x10 main.o
 .debug_macro   0x00000000      0x166 main.o
 .debug_macro   0x00000000       0x69 main.o
 .debug_macro   0x00000000       0x81 main.o
 .debug_macro   0x00000000       0x22 main.o
 .debug_macro   0x00000000       0x1c main.o
 .debug_macro   0x00000000      0x10e main.o
 .debug_macro   0x00000000       0x60 main.o
 .debug_macro   0x00000000       0x28 main.o
 .debug_macro   0x00000000       0x9e main.o
 .data          0x00000000        0x0 qt_asm_xmega.o
 .bss           0x00000000        0x0 qt_asm_xmega.o
 .data          0x00000000        0x0 M:\qTouch_5.00_lib\Atmel_QTouch_Libraries_5.0\Generic_QTouch_Libraries\AVR_Tiny_Mega_XMega\QTouch\library_files\libavrxmega2g1-4qt-k-0rs.a(burst_1_1_00_0_1.o)
 .progmem.data  0x00000000        0x6 M:\qTouch_5.00_lib\Atmel_QTouch_Libraries_5.0\Generic_QTouch_Libraries\AVR_Tiny_Mega_XMega\QTouch\library_files\libavrxmega2g1-4qt-k-0rs.a(touch_api.o)
 .data          0x00000000        0x0 M:\qTouch_5.00_lib\Atmel_QTouch_Libraries_5.0\Generic_QTouch_Libraries\AVR_Tiny_Mega_XMega\QTouch\library_files\libavrxmega2g1-4qt-k-0rs.a(touch_process.o)
 .data          0x00000000        0x0 M:\qTouch_5.00_lib\Atmel_QTouch_Libraries_5.0\Generic_QTouch_Libraries\AVR_Tiny_Mega_XMega\QTouch\library_files\libavrxmega2g1-4qt-k-0rs.a(touch_burst_qt.o)
 .text          0x00000000        0x0 c:/program files (x86)/atmel/studio/7.0/toolchain/avr8/avr8-gnu-toolchain/bin/../lib/gcc/avr/5.4.0/avrxmega2\libgcc.a(_udivmodsi4.o)
 .data          0x00000000        0x0 c:/program files (x86)/atmel/studio/7.0/toolchain/avr8/avr8-gnu-toolchain/bin/../lib/gcc/avr/5.4.0/avrxmega2\libgcc.a(_udivmodsi4.o)
 .bss           0x00000000        0x0 c:/program files (x86)/atmel/studio/7.0/toolchain/avr8/avr8-gnu-toolchain/bin/../lib/gcc/avr/5.4.0/avrxmega2\libgcc.a(_udivmodsi4.o)
 .text.libgcc.mul
                0x00000000        0x0 c:/program files (x86)/atmel/studio/7.0/toolchain/avr8/avr8-gnu-toolchain/bin/../lib/gcc/avr/5.4.0/avrxmega2\libgcc.a(_udivmodsi4.o)
 .text.libgcc   0x00000000        0x0 c:/program files (x86)/atmel/studio/7.0/toolchain/avr8/avr8-gnu-toolchain/bin/../lib/gcc/avr/5.4.0/avrxmega2\libgcc.a(_udivmodsi4.o)
 .text.libgcc.prologue
                0x00000000        0x0 c:/program files (x86)/atmel/studio/7.0/toolchain/avr8/avr8-gnu-toolchain/bin/../lib/gcc/avr/5.4.0/avrxmega2\libgcc.a(_udivmodsi4.o)
 .text.libgcc.builtins
                0x00000000        0x0 c:/program files (x86)/atmel/studio/7.0/toolchain/avr8/avr8-gnu-toolchain/bin/../lib/gcc/avr/5.4.0/avrxmega2\libgcc.a(_udivmodsi4.o)
 .text.libgcc.fmul
                0x00000000        0x0 c:/program files (x86)/atmel/studio/7.0/toolchain/avr8/avr8-gnu-toolchain/bin/../lib/gcc/avr/5.4.0/avrxmega2\libgcc.a(_udivmodsi4.o)
 .text.libgcc.fixed
                0x00000000        0x0 c:/program files (x86)/atmel/studio/7.0/toolchain/avr8/avr8-gnu-toolchain/bin/../lib/gcc/avr/5.4.0/avrxmega2\libgcc.a(_udivmodsi4.o)
 .text          0x00000000        0x0 c:/program files (x86)/atmel/studio/7.0/toolchain/avr8/avr8-gnu-toolchain/bin/../lib/gcc/avr/5.4.0/avrxmega2\libgcc.a(_exit.o)
 .data          0x00000000        0x0 c:/program files (x86)/atmel/studio/7.0/toolchain/avr8/avr8-gnu-toolchain/bin/../lib/gcc/avr/5.4.0/avrxmega2\libgcc.a(_exit.o)
 .bss           0x00000000        0x0 c:/program files (x86)/atmel/studio/7.0/toolchain/avr8/avr8-gnu-toolchain/bin/../lib/gcc/avr/5.4.0/avrxmega2\libgcc.a(_exit.o)
 .text.libgcc.mul
                0x00000000        0x0 c:/program files (x86)/atmel/studio/7.0/toolchain/avr8/avr8-gnu-toolchain/bin/../lib/gcc/avr/5.4.0/avrxmega2\libgcc.a(_exit.o)
 .text.libgcc.div
                0x00000000        0x0 c:/program files (x86)/atmel/studio/7.0/toolchain/avr8/avr8-gnu-toolchain/bin/../lib/gcc/avr/5.4.0/avrxmega2\libgcc.a(_exit.o)
 .text.libgcc   0x00000000        0x0 c:/program files (x86)/atmel/studio/7.0/toolchain/avr8/avr8-gnu-toolchain/bin/../lib/gcc/avr/5.4.0/avrxmega2\libgcc.a(_exit.o)
 .text.libgcc.prologue
                0x00000000        0x0 c:/program files (x86)/atmel/studio/7.0/toolchain/avr8/avr8-gnu-toolchain/bin/../lib/gcc/avr/5.4.0/avrxmega2\libgcc.a(_exit.o)
 .text.libgcc.builtins
                0x00000000        0x0 c:/program files (x86)/atmel/studio/7.0/toolchain/avr8/avr8-gnu-toolchain/bin/../lib/gcc/avr/5.4.0/avrxmega2\libgcc.a(_exit.o)
 .text.libgcc.fmul
                0x00000000        0x0 c:/program files (x86)/atmel/studio/7.0/toolchain/avr8/avr8-gnu-toolchain/bin/../lib/gcc/avr/5.4.0/avrxmega2\libgcc.a(_exit.o)
 .text.libgcc.fixed
                0x00000000        0x0 c:/program files (x86)/atmel/studio/7.0/toolchain/avr8/avr8-gnu-toolchain/bin/../lib/gcc/avr/5.4.0/avrxmega2\libgcc.a(_exit.o)
 .text          0x00000000        0x0 c:/program files (x86)/atmel/studio/7.0/toolchain/avr8/avr8-gnu-toolchain/bin/../lib/gcc/avr/5.4.0/avrxmega2\libgcc.a(_copy_data.o)
 .data          0x00000000        0x0 c:/program files (x86)/atmel/studio/7.0/toolchain/avr8/avr8-gnu-toolchain/bin/../lib/gcc/avr/5.4.0/avrxmega2\libgcc.a(_copy_data.o)
 .bss           0x00000000        0x0 c:/program files (x86)/atmel/studio/7.0/toolchain/avr8/avr8-gnu-toolchain/bin/../lib/gcc/avr/5.4.0/avrxmega2\libgcc.a(_copy_data.o)
 .text.libgcc.mul
                0x00000000        0x0 c:/program files (x86)/atmel/studio/7.0/toolchain/avr8/avr8-gnu-toolchain/bin/../lib/gcc/avr/5.4.0/avrxmega2\libgcc.a(_copy_data.o)
 .text.libgcc.div
                0x00000000        0x0 c:/program files (x86)/atmel/studio/7.0/toolchain/avr8/avr8-gnu-toolchain/bin/../lib/gcc/avr/5.4.0/avrxmega2\libgcc.a(_copy_data.o)
 .text.libgcc   0x00000000        0x0 c:/program files (x86)/atmel/studio/7.0/toolchain/avr8/avr8-gnu-toolchain/bin/../lib/gcc/avr/5.4.0/avrxmega2\libgcc.a(_copy_data.o)
 .text.libgcc.prologue
                0x00000000        0x0 c:/program files (x86)/atmel/studio/7.0/toolchain/avr8/avr8-gnu-toolchain/bin/../lib/gcc/avr/5.4.0/avrxmega2\libgcc.a(_copy_data.o)
 .text.libgcc.builtins
                0x00000000        0x0 c:/program files (x86)/atmel/studio/7.0/toolchain/avr8/avr8-gnu-toolchain/bin/../lib/gcc/avr/5.4.0/avrxmega2\libgcc.a(_copy_data.o)
 .text.libgcc.fmul
                0x00000000        0x0 c:/program files (x86)/atmel/studio/7.0/toolchain/avr8/avr8-gnu-toolchain/bin/../lib/gcc/avr/5.4.0/avrxmega2\libgcc.a(_copy_data.o)
 .text.libgcc.fixed
                0x00000000        0x0 c:/program files (x86)/atmel/studio/7.0/toolchain/avr8/avr8-gnu-toolchain/bin/../lib/gcc/avr/5.4.0/avrxmega2\libgcc.a(_copy_data.o)
 .text          0x00000000        0x0 c:/program files (x86)/atmel/studio/7.0/toolchain/avr8/avr8-gnu-toolchain/bin/../lib/gcc/avr/5.4.0/avrxmega2\libgcc.a(_clear_bss.o)
 .data          0x00000000        0x0 c:/program files (x86)/atmel/studio/7.0/toolchain/avr8/avr8-gnu-toolchain/bin/../lib/gcc/avr/5.4.0/avrxmega2\libgcc.a(_clear_bss.o)
 .bss           0x00000000        0x0 c:/program files (x86)/atmel/studio/7.0/toolchain/avr8/avr8-gnu-toolchain/bin/../lib/gcc/avr/5.4.0/avrxmega2\libgcc.a(_clear_bss.o)
 .text.libgcc.mul
                0x00000000        0x0 c:/program files (x86)/atmel/studio/7.0/toolchain/avr8/avr8-gnu-toolchain/bin/../lib/gcc/avr/5.4.0/avrxmega2\libgcc.a(_clear_bss.o)
 .text.libgcc.div
                0x00000000        0x0 c:/program files (x86)/atmel/studio/7.0/toolchain/avr8/avr8-gnu-toolchain/bin/../lib/gcc/avr/5.4.0/avrxmega2\libgcc.a(_clear_bss.o)
 .text.libgcc   0x00000000        0x0 c:/program files (x86)/atmel/studio/7.0/toolchain/avr8/avr8-gnu-toolchain/bin/../lib/gcc/avr/5.4.0/avrxmega2\libgcc.a(_clear_bss.o)
 .text.libgcc.prologue
                0x00000000        0x0 c:/program files (x86)/atmel/studio/7.0/toolchain/avr8/avr8-gnu-toolchain/bin/../lib/gcc/avr/5.4.0/avrxmega2\libgcc.a(_clear_bss.o)
 .text.libgcc.builtins
                0x00000000        0x0 c:/program files (x86)/atmel/studio/7.0/toolchain/avr8/avr8-gnu-toolchain/bin/../lib/gcc/avr/5.4.0/avrxmega2\libgcc.a(_clear_bss.o)
 .text.libgcc.fmul
                0x00000000        0x0 c:/program files (x86)/atmel/studio/7.0/toolchain/avr8/avr8-gnu-toolchain/bin/../lib/gcc/avr/5.4.0/avrxmega2\libgcc.a(_clear_bss.o)
 .text.libgcc.fixed
                0x00000000        0x0 c:/program files (x86)/atmel/studio/7.0/toolchain/avr8/avr8-gnu-toolchain/bin/../lib/gcc/avr/5.4.0/avrxmega2\libgcc.a(_clear_bss.o)
 .text          0x00000000        0x0 c:/program files (x86)/atmel/studio/7.0/toolchain/avr8/avr8-gnu-toolchain/bin/../lib/gcc/avr/5.4.0/avrxmega2\libgcc.a(_muluhisi3.o)
 .data          0x00000000        0x0 c:/program files (x86)/atmel/studio/7.0/toolchain/avr8/avr8-gnu-toolchain/bin/../lib/gcc/avr/5.4.0/avrxmega2\libgcc.a(_muluhisi3.o)
 .bss           0x00000000        0x0 c:/program files (x86)/atmel/studio/7.0/toolchain/avr8/avr8-gnu-toolchain/bin/../lib/gcc/avr/5.4.0/avrxmega2\libgcc.a(_muluhisi3.o)
 .text.libgcc.div
                0x00000000        0x0 c:/program files (x86)/atmel/studio/7.0/toolchain/avr8/avr8-gnu-toolchain/bin/../lib/gcc/avr/5.4.0/avrxmega2\libgcc.a(_muluhisi3.o)
 .text.libgcc   0x00000000        0x0 c:/program files (x86)/atmel/studio/7.0/toolchain/avr8/avr8-gnu-toolchain/bin/../lib/gcc/avr/5.4.0/avrxmega2\libgcc.a(_muluhisi3.o)
 .text.libgcc.prologue
                0x00000000        0x0 c:/program files (x86)/atmel/studio/7.0/toolchain/avr8/avr8-gnu-toolchain/bin/../lib/gcc/avr/5.4.0/avrxmega2\libgcc.a(_muluhisi3.o)
 .text.libgcc.builtins
                0x00000000        0x0 c:/program files (x86)/atmel/studio/7.0/toolchain/avr8/avr8-gnu-toolchain/bin/../lib/gcc/avr/5.4.0/avrxmega2\libgcc.a(_muluhisi3.o)
 .text.libgcc.fmul
                0x00000000        0x0 c:/program files (x86)/atmel/studio/7.0/toolchain/avr8/avr8-gnu-toolchain/bin/../lib/gcc/avr/5.4.0/avrxmega2\libgcc.a(_muluhisi3.o)
 .text.libgcc.fixed
                0x00000000        0x0 c:/program files (x86)/atmel/studio/7.0/toolchain/avr8/avr8-gnu-toolchain/bin/../lib/gcc/avr/5.4.0/avrxmega2\libgcc.a(_muluhisi3.o)
 .text          0x00000000        0x0 c:/program files (x86)/atmel/studio/7.0/toolchain/avr8/avr8-gnu-toolchain/bin/../lib/gcc/avr/5.4.0/avrxmega2\libgcc.a(_prologue.o)
 .data          0x00000000        0x0 c:/program files (x86)/atmel/studio/7.0/toolchain/avr8/avr8-gnu-toolchain/bin/../lib/gcc/avr/5.4.0/avrxmega2\libgcc.a(_prologue.o)
 .bss           0x00000000        0x0 c:/program files (x86)/atmel/studio/7.0/toolchain/avr8/avr8-gnu-toolchain/bin/../lib/gcc/avr/5.4.0/avrxmega2\libgcc.a(_prologue.o)
 .text.libgcc.mul
                0x00000000        0x0 c:/program files (x86)/atmel/studio/7.0/toolchain/avr8/avr8-gnu-toolchain/bin/../lib/gcc/avr/5.4.0/avrxmega2\libgcc.a(_prologue.o)
 .text.libgcc.div
                0x00000000        0x0 c:/program files (x86)/atmel/studio/7.0/toolchain/avr8/avr8-gnu-toolchain/bin/../lib/gcc/avr/5.4.0/avrxmega2\libgcc.a(_prologue.o)
 .text.libgcc   0x00000000        0x0 c:/program files (x86)/atmel/studio/7.0/toolchain/avr8/avr8-gnu-toolchain/bin/../lib/gcc/avr/5.4.0/avrxmega2\libgcc.a(_prologue.o)
 .text.libgcc.builtins
                0x00000000        0x0 c:/program files (x86)/atmel/studio/7.0/toolchain/avr8/avr8-gnu-toolchain/bin/../lib/gcc/avr/5.4.0/avrxmega2\libgcc.a(_prologue.o)
 .text.libgcc.fmul
                0x00000000        0x0 c:/program files (x86)/atmel/studio/7.0/toolchain/avr8/avr8-gnu-toolchain/bin/../lib/gcc/avr/5.4.0/avrxmega2\libgcc.a(_prologue.o)
 .text.libgcc.fixed
                0x00000000        0x0 c:/program files (x86)/atmel/studio/7.0/toolchain/avr8/avr8-gnu-toolchain/bin/../lib/gcc/avr/5.4.0/avrxmega2\libgcc.a(_prologue.o)
 .text          0x00000000        0x0 c:/program files (x86)/atmel/studio/7.0/toolchain/avr8/avr8-gnu-toolchain/bin/../lib/gcc/avr/5.4.0/avrxmega2\libgcc.a(_epilogue.o)
 .data          0x00000000        0x0 c:/program files (x86)/atmel/studio/7.0/toolchain/avr8/avr8-gnu-toolchain/bin/../lib/gcc/avr/5.4.0/avrxmega2\libgcc.a(_epilogue.o)
 .bss           0x00000000        0x0 c:/program files (x86)/atmel/studio/7.0/toolchain/avr8/avr8-gnu-toolchain/bin/../lib/gcc/avr/5.4.0/avrxmega2\libgcc.a(_epilogue.o)
 .text.libgcc.mul
                0x00000000        0x0 c:/program files (x86)/atmel/studio/7.0/toolchain/avr8/avr8-gnu-toolchain/bin/../lib/gcc/avr/5.4.0/avrxmega2\libgcc.a(_epilogue.o)
 .text.libgcc.div
                0x00000000        0x0 c:/program files (x86)/atmel/studio/7.0/toolchain/avr8/avr8-gnu-toolchain/bin/../lib/gcc/avr/5.4.0/avrxmega2\libgcc.a(_epilogue.o)
 .text.libgcc   0x00000000        0x0 c:/program files (x86)/atmel/studio/7.0/toolchain/avr8/avr8-gnu-toolchain/bin/../lib/gcc/avr/5.4.0/avrxmega2\libgcc.a(_epilogue.o)
 .text.libgcc.builtins
                0x00000000        0x0 c:/program files (x86)/atmel/studio/7.0/toolchain/avr8/avr8-gnu-toolchain/bin/../lib/gcc/avr/5.4.0/avrxmega2\libgcc.a(_epilogue.o)
 .text.libgcc.fmul
                0x00000000        0x0 c:/program files (x86)/atmel/studio/7.0/toolchain/avr8/avr8-gnu-toolchain/bin/../lib/gcc/avr/5.4.0/avrxmega2\libgcc.a(_epilogue.o)
 .text.libgcc.fixed
                0x00000000        0x0 c:/program files (x86)/atmel/studio/7.0/toolchain/avr8/avr8-gnu-toolchain/bin/../lib/gcc/avr/5.4.0/avrxmega2\libgcc.a(_epilogue.o)
 .text          0x00000000        0x0 c:/program files (x86)/atmel/studio/7.0/toolchain/avr8/avr8-gnu-toolchain/bin/../lib/gcc/avr/5.4.0/avrxmega2\libgcc.a(_umulhisi3.o)
 .data          0x00000000        0x0 c:/program files (x86)/atmel/studio/7.0/toolchain/avr8/avr8-gnu-toolchain/bin/../lib/gcc/avr/5.4.0/avrxmega2\libgcc.a(_umulhisi3.o)
 .bss           0x00000000        0x0 c:/program files (x86)/atmel/studio/7.0/toolchain/avr8/avr8-gnu-toolchain/bin/../lib/gcc/avr/5.4.0/avrxmega2\libgcc.a(_umulhisi3.o)
 .text.libgcc.div
                0x00000000        0x0 c:/program files (x86)/atmel/studio/7.0/toolchain/avr8/avr8-gnu-toolchain/bin/../lib/gcc/avr/5.4.0/avrxmega2\libgcc.a(_umulhisi3.o)
 .text.libgcc   0x00000000        0x0 c:/program files (x86)/atmel/studio/7.0/toolchain/avr8/avr8-gnu-toolchain/bin/../lib/gcc/avr/5.4.0/avrxmega2\libgcc.a(_umulhisi3.o)
 .text.libgcc.prologue
                0x00000000        0x0 c:/program files (x86)/atmel/studio/7.0/toolchain/avr8/avr8-gnu-toolchain/bin/../lib/gcc/avr/5.4.0/avrxmega2\libgcc.a(_umulhisi3.o)
 .text.libgcc.builtins
                0x00000000        0x0 c:/program files (x86)/atmel/studio/7.0/toolchain/avr8/avr8-gnu-toolchain/bin/../lib/gcc/avr/5.4.0/avrxmega2\libgcc.a(_umulhisi3.o)
 .text.libgcc.fmul
                0x00000000        0x0 c:/program files (x86)/atmel/studio/7.0/toolchain/avr8/avr8-gnu-toolchain/bin/../lib/gcc/avr/5.4.0/avrxmega2\libgcc.a(_umulhisi3.o)
 .text.libgcc.fixed
                0x00000000        0x0 c:/program files (x86)/atmel/studio/7.0/toolchain/avr8/avr8-gnu-toolchain/bin/../lib/gcc/avr/5.4.0/avrxmega2\libgcc.a(_umulhisi3.o)

Memory Configuration

Name             Origin             Length             Attributes
text             0x00000000         0x00009000         xr
data             0x00802000         0x00001000         rw !x
eeprom           0x00810000         0x00000400         rw !x
fuse             0x00820000         0x00000007         rw !x
lock             0x00830000         0x00000400         rw !x
signature        0x00840000         0x00000400         rw !x
user_signatures  0x00850000         0x00000400         rw !x
*default*        0x00000000         0xffffffff

Linker script and memory map

LOAD C:/Program Files (x86)/Atmel/Studio/7.0/Packs/Atmel/XMEGAE_DFP/1.2.109/gcc/dev/atxmega32e5/avrxmega2/crtatxmega32e5.o
LOAD init.o
LOAD main.o
LOAD qt_asm_xmega.o
START GROUP
LOAD c:/program files (x86)/atmel/studio/7.0/toolchain/avr8/avr8-gnu-toolchain/bin/../lib/gcc/avr/5.4.0/../../../../avr/lib/avrxmega2\libm.a
LOAD M:\qTouch_5.00_lib\Atmel_QTouch_Libraries_5.0\Generic_QTouch_Libraries\AVR_Tiny_Mega_XMega\QTouch\library_files\libavrxmega2g1-4qt-k-0rs.a
END GROUP
START GROUP
LOAD c:/program files (x86)/atmel/studio/7.0/toolchain/avr8/avr8-gnu-toolchain/bin/../lib/gcc/avr/5.4.0/avrxmega2\libgcc.a
LOAD c:/program files (x86)/atmel/studio/7.0/toolchain/avr8/avr8-gnu-toolchain/bin/../lib/gcc/avr/5.4.0/../../../../avr/lib/avrxmega2\libm.a
LOAD c:/program files (x86)/atmel/studio/7.0/toolchain/avr8/avr8-gnu-toolchain/bin/../lib/gcc/avr/5.4.0/../../../../avr/lib/avrxmega2\libc.a
LOAD C:/Program Files (x86)/Atmel/Studio/7.0/Packs/Atmel/XMEGAE_DFP/1.2.109/gcc/dev/atxmega32e5/avrxmega2\libatxmega32e5.a
END GROUP
                [0x00000000]                __TEXT_REGION_ORIGIN__ = DEFINED (__TEXT_REGION_ORIGIN__)?__TEXT_REGION_ORIGIN__:0x0
                [0x00802000]                __DATA_REGION_ORIGIN__ = DEFINED (__DATA_REGION_ORIGIN__)?__DATA_REGION_ORIGIN__:0x802000
                [0x00009000]                __TEXT_REGION_LENGTH__ = DEFINED (__TEXT_REGION_LENGTH__)?__TEXT_REGION_LENGTH__:0x100000
                [0x00001000]                __DATA_REGION_LENGTH__ = DEFINED (__DATA_REGION_LENGTH__)?__DATA_REGION_LENGTH__:0xffa0
                [0x00000400]                __EEPROM_REGION_LENGTH__ = DEFINED (__EEPROM_REGION_LENGTH__)?__EEPROM_REGION_LENGTH__:0x10000
                [0x00000007]                __FUSE_REGION_LENGTH__ = DEFINED (__FUSE_REGION_LENGTH__)?__FUSE_REGION_LENGTH__:0x400
                0x00000400                __LOCK_REGION_LENGTH__ = DEFINED (__LOCK_REGION_LENGTH__)?__LOCK_REGION_LENGTH__:0x400
                0x00000400                __SIGNATURE_REGION_LENGTH__ = DEFINED (__SIGNATURE_REGION_LENGTH__)?__SIGNATURE_REGION_LENGTH__:0x400
                0x00000400                __USER_SIGNATURE_REGION_LENGTH__ = DEFINED (__USER_SIGNATURE_REGION_LENGTH__)?__USER_SIGNATURE_REGION_LENGTH__:0x400

.hash
 *(.hash)

.dynsym
 *(.dynsym)

.dynstr
 *(.dynstr)

.gnu.version
 *(.gnu.version)

.gnu.version_d
 *(.gnu.version_d)

.gnu.version_r
 *(.gnu.version_r)

.rel.init
 *(.rel.init)

.rela.init
 *(.rela.init)

.rel.text
 *(.rel.text)
 *(.rel.text.*)
 *(.rel.gnu.linkonce.t*)

.rela.text
 *(.rela.text)
 *(.rela.text.*)
 *(.rela.gnu.linkonce.t*)

.rel.fini
 *(.rel.fini)

.rela.fini
 *(.rela.fini)

.rel.rodata
 *(.rel.rodata)
 *(.rel.rodata.*)
 *(.rel.gnu.linkonce.r*)

.rela.rodata
 *(.rela.rodata)
 *(.rela.rodata.*)
 *(.rela.gnu.linkonce.r*)

.rel.data
 *(.rel.data)
 *(.rel.data.*)
 *(.rel.gnu.linkonce.d*)

.rela.data
 *(.rela.data)
 *(.rela.data.*)
 *(.rela.gnu.linkonce.d*)

.rel.ctors
 *(.rel.ctors)

.rela.ctors
 *(.rela.ctors)

.rel.dtors
 *(.rel.dtors)

.rela.dtors
 *(.rela.dtors)

.rel.got
 *(.rel.got)

.rela.got
 *(.rela.got)

.rel.bss
 *(.rel.bss)

.rela.bss
 *(.rela.bss)

.rel.plt
 *(.rel.plt)

.rela.plt
 *(.rela.plt)

.text           0x00000000     0x1e6c
 *(.vectors)
 .vectors       0x00000000       0xac C:/Program Files (x86)/Atmel/Studio/7.0/Packs/Atmel/XMEGAE_DFP/1.2.109/gcc/dev/atxmega32e5/avrxmega2/crtatxmega32e5.o
                0x00000000                __vector_default
                0x00000000                __vectors
 *(.vectors)
 *(.progmem.gcc*)
                0x000000ac                . = ALIGN (0x2)
                0x000000ac                __trampolines_start = .
 *(.trampolines)
 .trampolines   0x000000ac        0x0 linker stubs
 *(.trampolines*)
                0x000000ac                __trampolines_end = .
 *libprintf_flt.a:*(.progmem.data)
 *libc.a:*(.progmem.data)
 *(.progmem*)
                0x000000ac                . = ALIGN (0x2)
 *(.jumptables)
 *(.jumptables*)
 *(.lowtext)
 *(.lowtext*)
                0x000000ac                __ctors_start = .
 *(.ctors)
                0x000000ac                __ctors_end = .
                0x000000ac                __dtors_start = .
 *(.dtors)
                0x000000ac                __dtors_end = .
 SORT(*)(.ctors)
 SORT(*)(.dtors)
 *(.init0)
 .init0         0x000000ac        0x0 C:/Program Files (x86)/Atmel/Studio/7.0/Packs/Atmel/XMEGAE_DFP/1.2.109/gcc/dev/atxmega32e5/avrxmega2/crtatxmega32e5.o
                0x000000ac                __init
 *(.init0)
 *(.init1)
 *(.init1)
 *(.init2)
 .init2         0x000000ac        0xc C:/Program Files (x86)/Atmel/Studio/7.0/Packs/Atmel/XMEGAE_DFP/1.2.109/gcc/dev/atxmega32e5/avrxmega2/crtatxmega32e5.o
 *(.init2)
 *(.init3)
 *(.init3)
 *(.init4)
 .init4         0x000000b8       0x16 c:/program files (x86)/atmel/studio/7.0/toolchain/avr8/avr8-gnu-toolchain/bin/../lib/gcc/avr/5.4.0/avrxmega2\libgcc.a(_copy_data.o)
                0x000000b8                __do_copy_data
 .init4         0x000000ce       0x10 c:/program files (x86)/atmel/studio/7.0/toolchain/avr8/avr8-gnu-toolchain/bin/../lib/gcc/avr/5.4.0/avrxmega2\libgcc.a(_clear_bss.o)
                0x000000ce                __do_clear_bss
 *(.init4)
 *(.init5)
 *(.init5)
 *(.init6)
 *(.init6)
 *(.init7)
 *(.init7)
 *(.init8)
 *(.init8)
 *(.init9)
 .init9         0x000000de        0x8 C:/Program Files (x86)/Atmel/Studio/7.0/Packs/Atmel/XMEGAE_DFP/1.2.109/gcc/dev/atxmega32e5/avrxmega2/crtatxmega32e5.o
 *(.init9)
 *(.text)
 .text          0x000000e6        0x2 C:/Program Files (x86)/Atmel/Studio/7.0/Packs/Atmel/XMEGAE_DFP/1.2.109/gcc/dev/atxmega32e5/avrxmega2/crtatxmega32e5.o
                0x000000e6                __vector_38
                0x000000e6                __vector_22
                0x000000e6                __vector_28
                0x000000e6                __vector_1
                0x000000e6                __vector_32
                0x000000e6                __vector_34
                0x000000e6                __vector_24
                0x000000e6                __vector_12
                0x000000e6                __bad_interrupt
                0x000000e6                __vector_6
                0x000000e6                __vector_31
                0x000000e6                __vector_35
                0x000000e6                __vector_39
                0x000000e6                __vector_23
                0x000000e6                __vector_30
                0x000000e6                __vector_25
                0x000000e6                __vector_11
                0x000000e6                __vector_13
                0x000000e6                __vector_17
                0x000000e6                __vector_19
                0x000000e6                __vector_41
                0x000000e6                __vector_27
                0x000000e6                __vector_33
                0x000000e6                __vector_37
                0x000000e6                __vector_4
                0x000000e6                __vector_9
                0x000000e6                __vector_2
                0x000000e6                __vector_21
                0x000000e6                __vector_15
                0x000000e6                __vector_36
                0x000000e6                __vector_29
                0x000000e6                __vector_40
                0x000000e6                __vector_8
                0x000000e6                __vector_26
                0x000000e6                __vector_14
                0x000000e6                __vector_10
                0x000000e6                __vector_16
                0x000000e6                __vector_20
                0x000000e6                __vector_42
 .text          0x000000e8       0x3c qt_asm_xmega.o
                0x000000e8                _1101010101_
                0x000000fe                _1101010111_
                0x0000011a                _1101010110_
 .text          0x00000124      0x1a8 M:\qTouch_5.00_lib\Atmel_QTouch_Libraries_5.0\Generic_QTouch_Libraries\AVR_Tiny_Mega_XMega\QTouch\library_files\libavrxmega2g1-4qt-k-0rs.a(burst_1_1_00_0_1.o)
                0x00000124                burst_1_1_00_0_1
 .text          0x000002cc      0x26c M:\qTouch_5.00_lib\Atmel_QTouch_Libraries_5.0\Generic_QTouch_Libraries\AVR_Tiny_Mega_XMega\QTouch\library_files\libavrxmega2g1-4qt-k-0rs.a(touch_api.o)
                0x000002cc                qt_init_sensing_with_burst
                0x0000030a                qt_get_library_sig
                0x00000322                qt_calibrate_sensing
                0x0000033a                qt_reset_sensing
                0x00000370                qt_measure_sensors
                0x00000460                qt_enable_key
                0x00000494                qt_get_sensor_delta
 .text          0x00000538      0x5d4 M:\qTouch_5.00_lib\Atmel_QTouch_Libraries_5.0\Generic_QTouch_Libraries\AVR_Tiny_Mega_XMega\QTouch\library_files\libavrxmega2g1-4qt-k-0rs.a(touch_process.o)
                0x00000574                start_cal_sensor
                0x0000059c                process_sensor
                0x00000ae0                get_channel_delta
 .text          0x00000b0c       0x66 M:\qTouch_5.00_lib\Atmel_QTouch_Libraries_5.0\Generic_QTouch_Libraries\AVR_Tiny_Mega_XMega\QTouch\library_files\libavrxmega2g1-4qt-k-0rs.a(touch_burst_qt.o)
                0x00000b0c                burst_init
                0x00000b16                burst_reset
                0x00000b38                burst
                0x00000b72                . = ALIGN (0x2)
 *(.text.*)
 .text.init_start_mode_pins
                0x00000b72       0x12 init.o
                0x00000b72                init_start_mode_pins
 .text.init_clock
                0x00000b84       0x20 init.o
                0x00000b84                init_clock
 .text.init_pins_normal
                0x00000ba4       0x26 init.o
                0x00000ba4                init_pins_normal
 .text.init_usart_normal
                0x00000bca       0x30 init.o
                0x00000bca                init_usart_normal
 .text.init_edma_normal
                0x00000bfa       0x54 init.o
                0x00000bfa                init_edma_normal
 .text.init_xcl
                0x00000c4e       0x2a init.o
                0x00000c4e                init_xcl
 .text.init_light_map_timer
                0x00000c78       0x16 init.o
                0x00000c78                init_light_map_timer
 .text.init_qTouch_timer
                0x00000c8e       0x1c init.o
                0x00000c8e                init_qTouch_timer
 .text.init_event_channels
                0x00000caa       0x16 init.o
                0x00000caa                init_event_channels
 .text.init_DAC
                0x00000cc0       0x16 init.o
                0x00000cc0                init_DAC
 .text.qt_set_parameters
                0x00000cd6       0x1e init.o
                0x00000cd6                qt_set_parameters
 .text.config_keys
                0x00000cf4       0x20 init.o
                0x00000cf4                config_keys
 .text.init_input_timeout_timer
                0x00000d14       0x12 init.o
                0x00000d14                init_input_timeout_timer
 .text.init_pins_mem_access
                0x00000d26       0x20 init.o
                0x00000d26                init_pins_mem_access
 .text.init_edma_mem_access
                0x00000d46       0x24 init.o
                0x00000d46                init_edma_mem_access
 .text.init_usart_mem_access
                0x00000d6a       0x30 init.o
                0x00000d6a                init_usart_mem_access
 .text.init_main_config
                0x00000d9a       0x54 init.o
                0x00000d9a                init_main_config
 .text.init_mem_access_config
                0x00000dee       0x1c init.o
                0x00000dee                init_mem_access_config
 .text.read_mem
                0x00000e0a       0xb8 main.o
                0x00000e0a                read_mem
 .text.write_lights
                0x00000ec2       0x2e main.o
                0x00000ec2                write_lights
 .text.load_entry_count
                0x00000ef0       0x18 main.o
                0x00000ef0                load_entry_count
 .text.load_starting_addresses
                0x00000f08       0x28 main.o
                0x00000f08                load_starting_addresses
 .text.load_wav_metadata
                0x00000f30       0x64 main.o
                0x00000f30                load_wav_metadata
 .text.load_light_sequenc_metadata
                0x00000f94       0x3c main.o
                0x00000f94                load_light_sequenc_metadata
 .text.load_next_light_map
                0x00000fd0       0x70 main.o
                0x00000fd0                load_next_light_map
 .text.calc_clock_per
                0x00001040       0x2a main.o
                0x00001040                calc_clock_per
 .text.load_input_buffer
                0x0000106a       0xe0 main.o
                0x0000106a                load_input_buffer
 .text.swap_buffers
                0x0000114a       0x42 main.o
                0x0000114a                swap_buffers
 .text.start_audio_output
                0x0000118c       0x34 main.o
                0x0000118c                start_audio_output
 .text.play_entry
                0x000011c0       0x6c main.o
                0x000011c0                play_entry
 .text.blank_lights
                0x0000122c       0x20 main.o
                0x0000122c                blank_lights
 .text.mem_read_prop
                0x0000124c       0x62 main.o
                0x0000124c                mem_read_prop
 .text.mem_write_prop
                0x000012ae       0x62 main.o
                0x000012ae                mem_write_prop
 .text.mem_write_data
                0x00001310       0xc6 main.o
                0x00001310                mem_write_data
 .text.mem_read_data
                0x000013d6       0xce main.o
                0x000013d6                mem_read_data
 .text.get_data_from_uart
                0x000014a4       0x34 main.o
                0x000014a4                get_data_from_uart
 .text.get_uint_from_uart
                0x000014d8       0x5c main.o
                0x000014d8                get_uint_from_uart
 .text.transmit_data
                0x00001534       0x3c main.o
                0x00001534                transmit_data
 .text.transmit_status
                0x00001570       0x10 main.o
                0x00001570                transmit_status
 .text.transmit_status_and_data
                0x00001580       0x2e main.o
                0x00001580                transmit_status_and_data
 .text.get_mem  0x000015ae       0xe8 main.o
                0x000015ae                get_mem
 .text.get_mem_id
                0x00001696       0x1a main.o
                0x00001696                get_mem_id
 .text.get_mem_jedec
                0x000016b0       0x1a main.o
                0x000016b0                get_mem_jedec
 .text.get_mem_status
                0x000016ca       0x1a main.o
                0x000016ca                get_mem_status
 .text.mem_enable_write
                0x000016e4       0x40 main.o
                0x000016e4                mem_enable_write
 .text.erase_mem
                0x00001724       0x58 main.o
                0x00001724                erase_mem
 .text.swap_write_buffs
                0x0000177c       0x42 main.o
                0x0000177c                swap_write_buffs
 .text.small_write_mem
                0x000017be       0x4e main.o
                0x000017be                small_write_mem
 .text.write_mem
                0x0000180c      0x2ac main.o
                0x0000180c                write_mem
 .text.get_uart_command
                0x00001ab8       0x58 main.o
                0x00001ab8                get_uart_command
 .text.get_start_mode
                0x00001b10       0x1e main.o
                0x00001b10                get_start_mode
 .text.main     0x00001b2e       0xce main.o
                0x00001b2e                main
 .text.__vector_5
                0x00001bfc       0xc8 main.o
                0x00001bfc                __vector_5
 .text.__vector_3
                0x00001cc4       0x52 main.o
                0x00001cc4                __vector_3
 .text.__vector_18
                0x00001d16       0x34 main.o
                0x00001d16                __vector_18
 .text.__vector_7
                0x00001d4a       0x46 main.o
                0x00001d4a                __vector_7
 .text.libgcc.div
                0x00001d90       0x44 c:/program files (x86)/atmel/studio/7.0/toolchain/avr8/avr8-gnu-toolchain/bin/../lib/gcc/avr/5.4.0/avrxmega2\libgcc.a(_udivmodsi4.o)
                0x00001d90                __udivmodsi4
 .text.libgcc.mul
                0x00001dd4       0x14 c:/program files (x86)/atmel/studio/7.0/toolchain/avr8/avr8-gnu-toolchain/bin/../lib/gcc/avr/5.4.0/avrxmega2\libgcc.a(_muluhisi3.o)
                0x00001dd4                __muluhisi3
 .text.libgcc.prologue
                0x00001de8       0x32 c:/program files (x86)/atmel/studio/7.0/toolchain/avr8/avr8-gnu-toolchain/bin/../lib/gcc/avr/5.4.0/avrxmega2\libgcc.a(_prologue.o)
                0x00001de8                __prologue_saves__
 .text.libgcc.prologue
                0x00001e1a       0x30 c:/program files (x86)/atmel/studio/7.0/toolchain/avr8/avr8-gnu-toolchain/bin/../lib/gcc/avr/5.4.0/avrxmega2\libgcc.a(_epilogue.o)
                0x00001e1a                __epilogue_restores__
 .text.libgcc.mul
                0x00001e4a       0x1e c:/program files (x86)/atmel/studio/7.0/toolchain/avr8/avr8-gnu-toolchain/bin/../lib/gcc/avr/5.4.0/avrxmega2\libgcc.a(_umulhisi3.o)
                0x00001e4a                __umulhisi3
                0x00001e68                . = ALIGN (0x2)
 *(.fini9)
 .fini9         0x00001e68        0x0 c:/program files (x86)/atmel/studio/7.0/toolchain/avr8/avr8-gnu-toolchain/bin/../lib/gcc/avr/5.4.0/avrxmega2\libgcc.a(_exit.o)
                0x00001e68                _exit
                0x00001e68                exit
 *(.fini9)
 *(.fini8)
 *(.fini8)
 *(.fini7)
 *(.fini7)
 *(.fini6)
 *(.fini6)
 *(.fini5)
 *(.fini5)
 *(.fini4)
 *(.fini4)
 *(.fini3)
 *(.fini3)
 *(.fini2)
 *(.fini2)
 *(.fini1)
 *(.fini1)
 *(.fini0)
 .fini0         0x00001e68        0x4 c:/program files (x86)/atmel/studio/7.0/toolchain/avr8/avr8-gnu-toolchain/bin/../lib/gcc/avr/5.4.0/avrxmega2\libgcc.a(_exit.o)
 *(.fini0)
                0x00001e6c                _etext = .

.data           0x00802000        0x4 load address 0x00001e6c
                0x00802000                PROVIDE (__data_start, .)
 *(.data)
 .data          0x00802000        0x1 M:\qTouch_5.00_lib\Atmel_QTouch_Libraries_5.0\Generic_QTouch_Libraries\AVR_Tiny_Mega_XMega\QTouch\library_files\libavrxmega2g1-4qt-k-0rs.a(touch_api.o)
                0x00802000                freq_shift
 *(.data*)
 .data._dummyByte
                0x00802001        0x1 main.o
                0x00802001                _dummyByte
 .data.qt_measurement_period_msec
                0x00802002        0x2 main.o
                0x00802002                qt_measurement_period_msec
 *(.gnu.linkonce.d*)
 *(.rodata)
 *(.rodata*)
 *(.gnu.linkonce.r*)
                0x00802004                . = ALIGN (0x2)
                0x00802004                _edata = .
                0x00802004                PROVIDE (__data_end, .)

.bss            0x00802004      0x4e4
                0x00802004                PROVIDE (__bss_start, .)
 *(.bss)
 .bss           0x00802004        0x3 M:\qTouch_5.00_lib\Atmel_QTouch_Libraries_5.0\Generic_QTouch_Libraries\AVR_Tiny_Mega_XMega\QTouch\library_files\libavrxmega2g1-4qt-k-0rs.a(burst_1_1_00_0_1.o)
 .bss           0x00802007       0x22 M:\qTouch_5.00_lib\Atmel_QTouch_Libraries_5.0\Generic_QTouch_Libraries\AVR_Tiny_Mega_XMega\QTouch\library_files\libavrxmega2g1-4qt-k-0rs.a(touch_api.o)
                0x00802007                burst_proc
                0x00802009                lib_status_flags
                0x0080200b                qt_filter_callback
                0x0080200d                qt_measure_data
                0x0080201e                qt_config_data
 .bss           0x00802029       0x1e M:\qTouch_5.00_lib\Atmel_QTouch_Libraries_5.0\Generic_QTouch_Libraries\AVR_Tiny_Mega_XMega\QTouch\library_files\libavrxmega2g1-4qt-k-0rs.a(touch_process.o)
                0x00802029                dht_counter
                0x0080202a                num_sensors
                0x0080202b                sensors
 .bss           0x00802047        0x8 M:\qTouch_5.00_lib\Atmel_QTouch_Libraries_5.0\Generic_QTouch_Libraries\AVR_Tiny_Mega_XMega\QTouch\library_files\libavrxmega2g1-4qt-k-0rs.a(touch_burst_qt.o)
                0x00802047                SNSK_array
                0x0080204b                SNS_array
 *(.bss*)
 .bss.arr.4112  0x0080204f        0x4 main.o
 .bss._setCS    0x00802053        0x1 main.o
                0x00802053                _setCS
 .bss._readingMem
                0x00802054        0x1 main.o
                0x00802054                _readingMem
 .bss._clkPer   0x00802055        0x2 main.o
                0x00802055                _clkPer
 .bss._totalSampleBytes
                0x00802057        0x4 main.o
                0x00802057                _totalSampleBytes
 .bss._entryIndex
                0x0080205b        0x2 main.o
                0x0080205b                _entryIndex
 .bss._holdTimerCounter
                0x0080205d        0x2 main.o
                0x0080205d                _holdTimerCounter
 .bss._entryCount
                0x0080205f        0x2 main.o
                0x0080205f                _entryCount
 .bss.current_time_ms_touch
                0x00802061        0x2 main.o
                0x00802061                current_time_ms_touch
 .bss.time_to_measure_touch
                0x00802063        0x1 main.o
                0x00802063                time_to_measure_touch
 *(COMMON)
 COMMON         0x00802064      0x484 main.o
                0x00802064                _addresses
                0x0080206c                _wavMetadata
                0x00802075                _buff0
                0x00802174                _wavBuff1
                0x008021f5                _lightMetadata
                0x008021f9                _currentOp
                0x008021fa                _memInBuff
                0x008021fc                _propBuff
                0x00802204                _lightBuff
                0x00802268                _buff1
                0x00802367                _lightMap
                0x00802465                _wavBuff0
                0x008024e6                _memOutBuff
                0x008024e8                PROVIDE (__bss_end, .)
                0x00001e6c                __data_load_start = LOADADDR (.data)
                0x00001e70                __data_load_end = (__data_load_start + SIZEOF (.data))

.noinit         0x008024e8        0x0
                [!provide]                PROVIDE (__noinit_start, .)
 *(.noinit*)
                [!provide]                PROVIDE (__noinit_end, .)
                0x008024e8                _end = .
                [!provide]                PROVIDE (__heap_start, .)

.eeprom         0x00810000        0x0
 *(.eeprom*)
                0x00810000                __eeprom_end = .

.fuse
 *(.fuse)
 *(.lfuse)
 *(.hfuse)
 *(.efuse)

.lock
 *(.lock*)

.signature
 *(.signature*)

.user_signatures
 *(.user_signatures*)

.stab
 *(.stab)

.stabstr
 *(.stabstr)

.stab.excl
 *(.stab.excl)

.stab.exclstr
 *(.stab.exclstr)

.stab.index
 *(.stab.index)

.stab.indexstr
 *(.stab.indexstr)

.comment        0x00000000       0x30
 *(.comment)
 .comment       0x00000000       0x30 init.o
                                 0x31 (size before relaxing)
 .comment       0x00000030       0x31 main.o

.note.gnu.avr.deviceinfo
                0x00000000       0x40
 .note.gnu.avr.deviceinfo
                0x00000000       0x40 C:/Program Files (x86)/Atmel/Studio/7.0/Packs/Atmel/XMEGAE_DFP/1.2.109/gcc/dev/atxmega32e5/avrxmega2/crtatxmega32e5.o

.note.gnu.build-id
 *(.note.gnu.build-id)

.debug
 *(.debug)

.line
 *(.line)

.debug_srcinfo
 *(.debug_srcinfo)

.debug_sfnames
 *(.debug_sfnames)

.debug_aranges  0x00000000      0x230
 *(.debug_aranges)
 .debug_aranges
                0x00000000       0xb8 init.o
 .debug_aranges
                0x000000b8      0x158 main.o
 .debug_aranges
                0x00000210       0x20 qt_asm_xmega.o

.debug_pubnames
 *(.debug_pubnames)

.debug_info     0x00000000     0x637b
 *(.debug_info .gnu.linkonce.wi.*)
 .debug_info    0x00000000     0x1bea C:/Program Files (x86)/Atmel/Studio/7.0/Packs/Atmel/XMEGAE_DFP/1.2.109/gcc/dev/atxmega32e5/avrxmega2/crtatxmega32e5.o
 .debug_info    0x00001bea     0x222b init.o
 .debug_info    0x00003e15     0x24d2 main.o
 .debug_info    0x000062e7       0x94 qt_asm_xmega.o

.debug_abbrev   0x00000000     0x210b
 *(.debug_abbrev)
 .debug_abbrev  0x00000000     0x1a6e C:/Program Files (x86)/Atmel/Studio/7.0/Packs/Atmel/XMEGAE_DFP/1.2.109/gcc/dev/atxmega32e5/avrxmega2/crtatxmega32e5.o
 .debug_abbrev  0x00001a6e      0x1f4 init.o
 .debug_abbrev  0x00001c62      0x495 main.o
 .debug_abbrev  0x000020f7       0x14 qt_asm_xmega.o

.debug_line     0x00000000     0x19c7
 *(.debug_line .debug_line.* .debug_line_end)
 .debug_line    0x00000000      0x199 C:/Program Files (x86)/Atmel/Studio/7.0/Packs/Atmel/XMEGAE_DFP/1.2.109/gcc/dev/atxmega32e5/avrxmega2/crtatxmega32e5.o
 .debug_line    0x00000199      0x7cb init.o
 .debug_line    0x00000964      0xfbb main.o
 .debug_line    0x0000191f       0xa8 qt_asm_xmega.o

.debug_frame    0x00000000      0x5a0
 *(.debug_frame)
 .debug_frame   0x00000000      0x154 init.o
 .debug_frame   0x00000154      0x44c main.o

.debug_str      0x00000000    0x1d100
 *(.debug_str)
 .debug_str     0x00000000     0x1277 C:/Program Files (x86)/Atmel/Studio/7.0/Packs/Atmel/XMEGAE_DFP/1.2.109/gcc/dev/atxmega32e5/avrxmega2/crtatxmega32e5.o
 .debug_str     0x00001277    0x1b60b init.o
                              0x1baa7 (size before relaxing)
 .debug_str     0x0001c882      0x87e main.o
                              0x1a43a (size before relaxing)

.debug_loc      0x00000000      0xd00
 *(.debug_loc)
 .debug_loc     0x00000000      0xd00 main.o

.debug_macinfo
 *(.debug_macinfo)

.debug_weaknames
 *(.debug_weaknames)

.debug_funcnames
 *(.debug_funcnames)

.debug_typenames
 *(.debug_typenames)

.debug_varnames
 *(.debug_varnames)

.debug_pubtypes
 *(.debug_pubtypes)

.debug_ranges   0x00000000      0x1f0
 *(.debug_ranges)
 .debug_ranges  0x00000000       0xa8 init.o
 .debug_ranges  0x000000a8      0x148 main.o

.debug_macro    0x00000000     0x7e5c
 *(.debug_macro)
 .debug_macro   0x00000000      0x106 init.o
 .debug_macro   0x00000106      0xa54 init.o
 .debug_macro   0x00000b5a       0x10 init.o
 .debug_macro   0x00000b6a      0x1c9 init.o
 .debug_macro   0x00000d33      0x2fc init.o
 .debug_macro   0x0000102f       0x9e init.o
 .debug_macro   0x000010cd     0x6465 init.o
 .debug_macro   0x00007532       0x9a init.o
 .debug_macro   0x000075cc       0xf1 init.o
 .debug_macro   0x000076bd       0x34 init.o
 .debug_macro   0x000076f1       0x16 init.o
 .debug_macro   0x00007707       0x18 init.o
 .debug_macro   0x0000771f       0x5e init.o
 .debug_macro   0x0000777d       0x10 init.o
 .debug_macro   0x0000778d      0x166 init.o
 .debug_macro   0x000078f3       0x69 init.o
 .debug_macro   0x0000795c       0x81 init.o
 .debug_macro   0x000079dd       0x22 init.o
 .debug_macro   0x000079ff       0x1c init.o
 .debug_macro   0x00007a1b      0x10e init.o
 .debug_macro   0x00007b29       0x60 init.o
 .debug_macro   0x00007b89       0x28 init.o
 .debug_macro   0x00007bb1       0x9e init.o
 .debug_macro   0x00007c4f       0x1c init.o
 .debug_macro   0x00007c6b      0x1d1 main.o
 .debug_macro   0x00007e3c       0x10 main.o
 .debug_macro   0x00007e4c       0x10 main.o
OUTPUT(Controller-mxega32e5.elf elf32-avr)
LOAD linker stubs
